# Bake Begins!
### (1 of 6) Copy sources
$ cp -a /home/travis/build/fontdirectory/molengo/METADATA.json /home/travis/build/fontdirectory/molengo/builds/build
$ cp -a /home/travis/build/fontdirectory/molengo/DESCRIPTION.en_us.html /home/travis/build/fontdirectory/molengo/builds/build
$ cp -a /home/travis/build/fontdirectory/molengo/FONTLOG.txt /home/travis/build/fontdirectory/molengo/builds/build
$ cp -a Molengo-Regular.ttf.ttx src/Molengo-Regular-TTX.ttf.ttx src/Molengo-Regular-TTF.sfd src/Molengo-Regular.sfd Molengo-Regular.ttf._g_l_y_f.ttx Molengo-Regular.ttf.G_P_O_S_.ttx Molengo-Regular.ttf._c_m_a_p.ttx Molengo-Regular.ttf._p_o_s_t.ttx Molengo-Regular.ttf._m_a_x_p.ttx Molengo-Regular.ttf._g_a_s_p.ttx Molengo-Regular.ttf.G_S_U_B_.ttx Molengo-Regular.ttf.G_D_E_F_.ttx Molengo-Regular.ttf._p_r_e_p.ttx Molengo-Regular.ttf._f_p_g_m.ttx Molengo-Regular.ttf._h_e_a_d.ttx Molengo-Regular.ttf._h_m_t_x.ttx Molengo-Regular.ttf._n_a_m_e.ttx Molengo-Regular.ttf.GlyphOrder.ttx Molengo-Regular.ttf.F_F_T_M_.ttx Molengo-Regular.ttf._l_o_c_a.ttx Molengo-Regular.ttf._c_v_t.ttx Molengo-Regular.ttf._h_h_e_a.ttx Molengo-Regular.ttf.O_S_2f_2.ttx Molengo-Regular.ttf.D_S_I_G_.ttx src/Molengo-Regular-TTX.ttf._h_e_a_d.ttx src/Molengo-Regular-TTX.ttf.G_P_O_S_.ttx src/Molengo-Regular-TTX.ttf._m_a_x_p.ttx src/Molengo-Regular-TTX.ttf.GlyphOrder.ttx src/Molengo-Regular-TTX.ttf.T_S_I__5.ttx src/Molengo-Regular-TTX.ttf.G_S_U_B_.ttx src/Molengo-Regular-TTX.ttf.O_S_2f_2.ttx src/Molengo-Regular-TTX.ttf.G_D_E_F_.ttx src/Molengo-Regular-TTX.ttf._c_v_t.ttx src/Molengo-Regular-TTX.ttf._c_m_a_p.ttx src/Molengo-Regular-TTX.ttf._l_o_c_a.ttx src/Molengo-Regular-TTX.ttf.T_S_I__0.ttx src/Molengo-Regular-TTX.ttf._f_p_g_m.ttx src/Molengo-Regular-TTX.ttf._p_r_e_p.ttx src/Molengo-Regular-TTX.ttf.T_S_I__2.ttx src/Molengo-Regular-TTX.ttf._n_a_m_e.ttx src/Molengo-Regular-TTX.ttf._h_h_e_a.ttx src/Molengo-Regular-TTX.ttf.F_F_T_M_.ttx src/Molengo-Regular-TTX.ttf.T_S_I__1.ttx src/Molengo-Regular-TTX.ttf.T_S_I__3.ttx src/Molengo-Regular-TTX.ttf._h_m_t_x.ttx src/Molengo-Regular-TTX.ttf._p_o_s_t.ttx src/Molengo-Regular-TTX.ttf._g_l_y_f.ttx src/Molengo-Regular-TTX.ttf._g_a_s_p.ttx /home/travis/build/fontdirectory/molengo/builds/build/sources
### (2 of 6) pyfontaine
### (3 of 6) Run upstream tests
$ fontbakery-check.py upstream-repo sources
bakery_lint.tests.upstream.test_check_upstream_sources.ProjectUpstreamTestCase.test_bakery_yaml_exists(): OK
bakery_lint.tests.upstream.test_check_upstream_sources.ProjectUpstreamTestCase.test_copyright_notices_same_across_family(): OK
bakery_lint.tests.upstream.test_check_upstream_sources.ProjectUpstreamTestCase.test_description_html_exists(): OK
bakery_lint.tests.upstream.test_check_upstream_sources.ProjectUpstreamTestCase.test_fontlog_txt_exists(): OK
bakery_lint.tests.upstream.test_check_upstream_sources.ProjectUpstreamTestCase.test_metadata_json_exists(): OK
$ fontaine --collections subsets --text /home/travis/build/fontdirectory/molengo/builds/build/sources/Molengo-Regular.ttf.ttx /home/travis/build/fontdirectory/molengo/builds/build/sources/Molengo-Regular-TTX.ttf.ttx /home/travis/build/fontdirectory/molengo/builds/build/sources/Molengo-Regular-TTF.sfd /home/travis/build/fontdirectory/molengo/builds/build/sources/Molengo-Regular.sfd > fontaine.txt
WARNING: Please install [PyICU](https://pypi.python.org/pypi/PyICU) toenable [feature], perhaps with: pip install pyicu
pyfontaine error: Not a TrueType or OpenType font (bad sfntVersion)
pyfontaine process has been failed
bakery_lint.tests.upstream.test_prepolation.FontTestPrepolation.test_font_prepolation_glyph_contours(): OK
bakery_lint.tests.upstream.test_prepolation.FontTestPrepolation.test_font_prepolation_glyph_points(): OK
bakery_lint.tests.upstream.test_prepolation.FontTestPrepolation.test_font_test_prepolation_glyph_names(): OK
bakery_lint.tests.upstream.test_diacritic.TestDiacritic.test_diacritic_made_as_component(): OK
bakery_lint.tests.upstream.test_diacritic.TestDiacritic.test_diacritic_made_as_mark_to_mark(): OK
bakery_lint.tests.upstream.test_diacritic.TestDiacritic.test_diacritic_made_as_own_glyphs(): OK
$ fontbakery-check.py upstream-ttx Molengo-Regular.ttf.ttx
bakery_lint.tests.upstream.test_check_ttx_fontfamily_recommendations.TTX_FontFamilyNamingTest.test_ttx_family_naming_recommendation(): OK
bakery_lint.tests.upstream.test_glyphname_does_not_contain_disallowed_chars.TestGlyphNameDoesNotContainsDisallowedChars.test_glyphname_does_not_contain_disallowed_chars(): FAIL
bakery_lint.tests.upstream.test_font_filename_eq_familystyle.TestTTFSourceFontFileNameEqualsFamilyStyle.test_source_ttf_font_filename_equals_familystyle(): FAIL
$ mv /home/travis/build/fontdirectory/molengo/builds/build/sources/Molengo-Regular.ttf.ttx /home/travis/build/fontdirectory/molengo/builds/build/sources/Molengo-Regular.ttx
bakery_lint.tests.upstream.test_font_filename_eq_familystyle.TestTTFSourceFontFileNameEqualsFamilyStyle.test_source_ttf_font_filename_equals_familystyle(): OK
bakery_lint.tests.upstream.test_check_ttx_requirements.SourceTTXTest.test_epar_in_keys(): FAIL
bakery_lint.tests.upstream.test_check_ttx_requirements.SourceTTXTest.test_os2_in_keys(): OK
bakery_lint.tests.upstream.test_check_ttx_requirements.SourceTTXTest.test_ttx_doesnt_contain_duplicate_glyphs(): OK
$ fontbakery-check.py upstream-ttx Molengo-Regular-TTX.ttf.ttx
bakery_lint.tests.upstream.test_check_ttx_fontfamily_recommendations.TTX_FontFamilyNamingTest.test_ttx_family_naming_recommendation(): OK
bakery_lint.tests.upstream.test_glyphname_does_not_contain_disallowed_chars.TestGlyphNameDoesNotContainsDisallowedChars.test_glyphname_does_not_contain_disallowed_chars(): FAIL
bakery_lint.tests.upstream.test_font_filename_eq_familystyle.TestTTFSourceFontFileNameEqualsFamilyStyle.test_source_ttf_font_filename_equals_familystyle(): FAIL
$ mv /home/travis/build/fontdirectory/molengo/builds/build/sources/Molengo-Regular-TTX.ttf.ttx /home/travis/build/fontdirectory/molengo/builds/build/sources/Molengo-Regular.ttx
bakery_lint.tests.upstream.test_font_filename_eq_familystyle.TestTTFSourceFontFileNameEqualsFamilyStyle.test_source_ttf_font_filename_equals_familystyle(): OK
bakery_lint.tests.upstream.test_check_ttx_requirements.SourceTTXTest.test_epar_in_keys(): FAIL
bakery_lint.tests.upstream.test_check_ttx_requirements.SourceTTXTest.test_os2_in_keys(): OK
bakery_lint.tests.upstream.test_check_ttx_requirements.SourceTTXTest.test_ttx_doesnt_contain_duplicate_glyphs(): OK
$ fontbakery-check.py upstream Molengo-Regular-TTF.sfd
bakery_lint.tests.upstream.test_check_ufo_requirements.UfoOpenTest.test_has_rupee(): ERROR
bakery_lint.tests.upstream.test_check_ufo_requirements.UfoOpenTest.test_is_A(): ERROR
bakery_lint.tests.upstream.test_check_ufo_requirements.UfoOpenTest.test_is_A_a_glyph_instance(): ERROR
bakery_lint.tests.upstream.test_check_ufo_requirements.UfoOpenTest.test_is_ended_ufo(): ERROR
bakery_lint.tests.upstream.test_check_ufo_requirements.UfoOpenTest.test_is_folder(): ERROR
bakery_lint.tests.upstream.test_check_ufo_requirements.UfoOpenTest.test_is_fsType_eq_1(): ERROR
bakery_lint.tests.upstream.test_check_ufo_requirements.UfoOpenTest.test_it_exists(): ERROR
bakery_lint.tests.upstream.test_font_filename_eq_familystyle.TestTTFSourceFontFileNameEqualsFamilyStyle.test_source_ttf_font_filename_equals_familystyle(): ERROR
bakery_lint.tests.upstream.test_unicode_value_should_appear_only_once_per_font.UnicodeValueShouldAppearOnlyOnce.testUnicodeValue(): ERROR
bakery_lint.tests.upstream.test_check_ufo_fontfamily_recommendations.TestUFOFontFamilyNamingTest.test_familyname_less_than_32_chars(): OK
bakery_lint.tests.upstream.test_check_ufo_fontfamily_recommendations.TestUFOFontFamilyNamingTest.test_fullfontname_less_than_64_chars(): OK
bakery_lint.tests.upstream.test_check_ufo_fontfamily_recommendations.TestUFOFontFamilyNamingTest.test_postscriptname_consistof_allowed_chars(): OK
bakery_lint.tests.upstream.test_check_ufo_fontfamily_recommendations.TestUFOFontFamilyNamingTest.test_postscriptname_less_than_30_chars(): OK
bakery_lint.tests.upstream.test_check_ufo_fontfamily_recommendations.TestUFOFontFamilyNamingTest.test_stylename_less_than_32_chars(): OK
bakery_lint.tests.upstream.test_check_ufo_fontfamily_recommendations.TestUFOFontFamilyNamingTest.test_weight_value_range_between_250_and_900(): OK
bakery_lint.tests.upstream.test_contour_count.TestContourCount.test_contour_count(): ERROR
$ fontbakery-check.py upstream Molengo-Regular.sfd
bakery_lint.tests.upstream.test_check_ufo_requirements.UfoOpenTest.test_has_rupee(): ERROR
bakery_lint.tests.upstream.test_check_ufo_requirements.UfoOpenTest.test_is_A(): ERROR
bakery_lint.tests.upstream.test_check_ufo_requirements.UfoOpenTest.test_is_A_a_glyph_instance(): ERROR
bakery_lint.tests.upstream.test_check_ufo_requirements.UfoOpenTest.test_is_ended_ufo(): ERROR
bakery_lint.tests.upstream.test_check_ufo_requirements.UfoOpenTest.test_is_folder(): ERROR
bakery_lint.tests.upstream.test_check_ufo_requirements.UfoOpenTest.test_is_fsType_eq_1(): ERROR
bakery_lint.tests.upstream.test_check_ufo_requirements.UfoOpenTest.test_it_exists(): ERROR
bakery_lint.tests.upstream.test_font_filename_eq_familystyle.TestTTFSourceFontFileNameEqualsFamilyStyle.test_source_ttf_font_filename_equals_familystyle(): ERROR
bakery_lint.tests.upstream.test_unicode_value_should_appear_only_once_per_font.UnicodeValueShouldAppearOnlyOnce.testUnicodeValue(): ERROR
bakery_lint.tests.upstream.test_check_ufo_fontfamily_recommendations.TestUFOFontFamilyNamingTest.test_familyname_less_than_32_chars(): OK
bakery_lint.tests.upstream.test_check_ufo_fontfamily_recommendations.TestUFOFontFamilyNamingTest.test_fullfontname_less_than_64_chars(): OK
bakery_lint.tests.upstream.test_check_ufo_fontfamily_recommendations.TestUFOFontFamilyNamingTest.test_postscriptname_consistof_allowed_chars(): OK
bakery_lint.tests.upstream.test_check_ufo_fontfamily_recommendations.TestUFOFontFamilyNamingTest.test_postscriptname_less_than_30_chars(): OK
bakery_lint.tests.upstream.test_check_ufo_fontfamily_recommendations.TestUFOFontFamilyNamingTest.test_stylename_less_than_32_chars(): OK
bakery_lint.tests.upstream.test_check_ufo_fontfamily_recommendations.TestUFOFontFamilyNamingTest.test_weight_value_range_between_250_and_900(): OK
bakery_lint.tests.upstream.test_contour_count.TestContourCount.test_contour_count(): ERROR
### (4 of 6) Convert sources to TTF
$ ttx -d /home/travis/build/fontdirectory/molengo/builds/build /home/travis/build/fontdirectory/molengo/builds/build/sources/Molengo-Regular.ttx
strippedname:/home/travis/build/fontdirectory/molengo/builds/build/sources/Molengo-Regular-TTF.sfd
strippedname:/home/travis/build/fontdirectory/molengo/builds/build/sources/Molengo-Regular.sfd
Compiling "/home/travis/build/fontdirectory/molengo/builds/build/sources/Molengo-Regular.ttx" to "/home/travis/build/fontdirectory/molengo/builds/build/Molengo-Regular.ttf"...
Parsing 'GlyphOrder' table...
Parsing 'head' table...
Parsing 'hhea' table...
Parsing 'maxp' table...
Parsing 'OS/2' table...
Parsing 'hmtx' table...
Parsing 'cmap' table...
Parsing 'fpgm' table...
Parsing 'prep' table...
Parsing 'cvt ' table...
Parsing 'loca' table...
Parsing 'glyf' table...
Parsing 'name' table...
Parsing 'post' table...
Parsing 'gasp' table...
Parsing 'FFTM' table...
Parsing 'GDEF' table...
Parsing 'GPOS' table...
Parsing 'GSUB' table...
Parsing 'TSI0' table...
Parsing 'TSI1' table...
Parsing 'TSI2' table...
Parsing 'TSI3' table...
Parsing 'TSI5' table...
### Test Molengo-Regular.ttf
$ fontbakery-check.py result Molengo-Regular.ttf
bakery_lint.tests.downstream.test_check_os2_width_class.CheckOS2WidthClass.test_check_os2_width_class(): OK
bakery_lint.tests.downstream.test_check_license_included.CheckLicenseIncluded.test_license_included_in_font_names(): OK
The following table(s) in the font have been ignored by FontForge
  Ignoring 'TSI0'
  Ignoring 'TSI1'
  Ignoring 'TSI2'
  Ignoring 'TSI3'
  Ignoring 'TSI5'
bakery_lint.tests.downstream.test_fontforge_validation_state.FontForgeValidateStateTest.test_allowed_numbers_paths_in_composite_glyphs(): OK
bakery_lint.tests.downstream.test_fontforge_validation_state.FontForgeValidateStateTest.test_allowed_numbers_paths_in_glyphs(): OK
bakery_lint.tests.downstream.test_fontforge_validation_state.FontForgeValidateStateTest.test_allowed_numbers_points_in_composite_glyphs(): OK
bakery_lint.tests.downstream.test_fontforge_validation_state.FontForgeValidateStateTest.test_allowed_numbers_points_in_glyphs(): OK
bakery_lint.tests.downstream.test_fontforge_validation_state.FontForgeValidateStateTest.test_duplicate_glyphs(): OK
bakery_lint.tests.downstream.test_fontforge_validation_state.FontForgeValidateStateTest.test_duplicate_unicode_codepoints(): OK
bakery_lint.tests.downstream.test_fontforge_validation_state.FontForgeValidateStateTest.test_flipped_reference_in_glyphs(): OK
bakery_lint.tests.downstream.test_fontforge_validation_state.FontForgeValidateStateTest.test_missing_anchors(): OK
bakery_lint.tests.downstream.test_fontforge_validation_state.FontForgeValidateStateTest.test_missing_extrema_in_glyphs(): OK
bakery_lint.tests.downstream.test_fontforge_validation_state.FontForgeValidateStateTest.test_overlapped_hints(): OK
bakery_lint.tests.downstream.test_fontforge_validation_state.FontForgeValidateStateTest.test_points_are_integer_aligned(): OK
bakery_lint.tests.downstream.test_fontforge_validation_state.FontForgeValidateStateTest.test_points_are_not_too_far_apart(): OK
bakery_lint.tests.downstream.test_fontforge_validation_state.FontForgeValidateStateTest.test_postscript_hasnt_limit_hints_in_glyphs(): OK
bakery_lint.tests.downstream.test_fontforge_validation_state.FontForgeValidateStateTest.test_postscript_hasnt_limit_points_in_glyphs(): OK
bakery_lint.tests.downstream.test_fontforge_validation_state.FontForgeValidateStateTest.test_referenced_glyphs_are_present(): OK
bakery_lint.tests.downstream.test_fontforge_validation_state.FontForgeValidateStateTest.test_valid_glyph_names(): OK
bakery_lint.tests.downstream.test_fontforge_validation_state.FontForgeValidateStateTest.test_valid_length_instructions(): OK
bakery_lint.tests.downstream.test_fontforge_validation_state.FontForgeValidateStateTest.test_validation_glyph_intersect(): OK
bakery_lint.tests.downstream.test_fontforge_validation_state.FontForgeValidateStateTest.test_validation_open_contours(): OK
bakery_lint.tests.downstream.test_fontforge_validation_state.FontForgeValidateStateTest.test_wrong_direction_in_glyphs(): OK
bakery_lint.tests.downstream.test_check_magic_prep_code.CheckMagicPREPByteCode.test_prep_magic_code(): FAIL
bakery_lint.tests.downstream.test_check_nbsp_width_matches_sp_width.CheckNbspWidthMatchesSpWidth.test_check_nbsp_width_matches_sp_width(): OK
bakery_lint.tests.downstream.test_check_font_agreements.CheckFsTypeIsNotSet.test_is_fstype_not_set(): OK
$ fontbakery-fix-fstype.py --autofix /home/travis/build/fontdirectory/molengo/builds/build/Molengo-Regular.ttf
$ mv /home/travis/build/fontdirectory/molengo/builds/build/Molengo-Regular.ttf.fix /home/travis/build/fontdirectory/molengo/builds/build/Molengo-Regular.ttf
bakery_lint.tests.downstream.test_check_font_agreements.CheckFontAgreements.test_em_is_1000(): FAIL
bakery_lint.tests.downstream.test_check_font_agreements.CheckFontAgreements.test_font_is_font(): OK
bakery_lint.tests.downstream.test_check_font_agreements.CheckFontAgreements.test_latin_file_exists(): FAIL
bakery_lint.tests.downstream.test_check_font_agreements.CheckFontAgreements.test_menu_file_exists(): FAIL
bakery_lint.tests.downstream.test_check_names_same_across_platforms.CheckNamesSameAcrossPlatforms.test_check_names_same_across_platforms(): OK
bakery_lint.tests.downstream.test_check_full_font_name_begins_with_family_name.CheckFullFontNameBeginsWithFamilyName.test_check_full_font_name_begins_with_family_name(): OK
bakery_lint.tests.downstream.test_check_hmtx_hhea_max_advance_width_agreement.CheckHmtxHheaMaxAdvanceWidthAgreement.test_check_hmtx_hhea_max_advance_width_agreement(): OK
bakery_lint.tests.downstream.test_check_vertical_metrics.CheckVerticalLinegapMetrics.test_metrics_linegaps_are_zero(): FAIL
$ fontbakery-fix-vertical-metrics.py --autofix /home/travis/build/fontdirectory/molengo/builds/build/Molengo-Regular.ttf
$ mv /home/travis/build/fontdirectory/molengo/builds/build/Molengo-Regular.ttf.fix /home/travis/build/fontdirectory/molengo/builds/build/Molengo-Regular.ttf
$ fontbakery-fix-vertical-metrics.py /home/travis/build/fontdirectory/molengo/builds/build/Molengo-Regular.ttf
Parameter              Molengo-Regular.ttf    
ymax                   1928                   
hhea.ascent            1928                   
OS/2.sTypoAscender     1928                   
OS/2.usWinAscent       1928                   
ymin                   -522                   
hhea.descent           -522                   
OS/2.sTypoDescender    -522                   
OS/2.usWinDescent      522                    
hhea.lineGap           0                      
OS/2.sTypoLineGap      0                      
hhea total             2450                   
typo total             2450                   
win total              2450                   
UPM:Heights            2048:2450              
UPM:Heights %          119 %                  


bakery_lint.tests.downstream.test_check_vertical_metrics.CheckVerticalLinegapMetrics.test_metrics_linegaps_are_zero(): OK
bakery_lint.tests.downstream.test_check_vertical_metrics.CheckVerticalAscentMetrics.test_metrics_ascents_equal_bbox(): OK
bakery_lint.tests.downstream.test_check_vertical_metrics.CheckVerticalDescentMetrics.test_metrics_descents_equal_bbox(): OK
bakery_lint.tests.downstream.test_gpos_table_has_kerning_info.CheckGposTableHasKerningInfo.test_gpos_table_has_kerning_info(): ERROR
bakery_lint.tests.downstream.test_check_name_table_recommendation.CheckStyleNameRecommendation.test_check_stylename_is_under_recommendations(): OK
bakery_lint.tests.downstream.test_check_name_table_recommendation.CheckOTFamilyNameRecommendation.test_check_opentype_familyname(): OK
bakery_lint.tests.downstream.test_check_name_table_recommendation.CheckOTStyleNameRecommendation.test_check_opentype_stylename(): OK
bakery_lint.tests.downstream.test_check_name_table_recommendation.CheckOTFullNameRecommendation.test_check_opentype_fullname(): OK
bakery_lint.tests.downstream.test_check_fontname_matches_macstyle.CheckFontNameEqualToMacStyleFlags.test_fontname_is_equal_to_macstyle(): FAIL
bakery_lint.tests.downstream.test_gasp_table_value.CheckGaspTableType.test_check_gasp_table_type(): FAIL
$ fontbakery-fix-gasp.py --set=15 /home/travis/build/fontdirectory/molengo/builds/build/Molengo-Regular.ttf
$ mv /home/travis/build/fontdirectory/molengo/builds/build/Molengo-Regular.ttf.fix /home/travis/build/fontdirectory/molengo/builds/build/Molengo-Regular.ttf
bakery_lint.tests.downstream.test_gasp_table_value.CheckGaspTableType.test_check_gasp_table_type(): OK
$ fontbakery-fix-gasp.py --set=15 /home/travis/build/fontdirectory/molengo/builds/build/Molengo-Regular.ttf
$ mv /home/travis/build/fontdirectory/molengo/builds/build/Molengo-Regular.ttf.fix /home/travis/build/fontdirectory/molengo/builds/build/Molengo-Regular.ttf
bakery_lint.tests.downstream.test_names_are_ascii_only.CheckNamesAreASCIIOnly.test_check_names_are_ascii_only(): OK
bakery_lint.tests.downstream.test_check_upm_heights_less_120.TestCheckUPMHeightsLess120.test_check_upm_heigths_less_120(): OK
bakery_lint.tests.downstream.test_check_font_tables.CheckFontHasDsigTable.test_check_font_has_dsig_table(): FAIL
$ fontbakery-fix-dsig.py /home/travis/build/fontdirectory/molengo/builds/build/Molengo-Regular.ttf
$ mv /home/travis/build/fontdirectory/molengo/builds/build/Molengo-Regular.ttf.fix /home/travis/build/fontdirectory/molengo/builds/build/Molengo-Regular.ttf
bakery_lint.tests.downstream.test_check_font_tables.CheckFontHasDsigTable.test_check_font_has_dsig_table(): OK
bakery_lint.tests.downstream.test_check_font_tables.CheckFontHasNotKernTable.test_no_kern_table_exists(): OK
bakery_lint.tests.downstream.test_check_unused_glyph_data.CheckUnusedGlyphData.test_check_unused_glyph_data(): ERROR
bakery_lint.tests.downstream.test_check_panose_identification.CheckPanoseIdentification.test_check_panose_identification(): OK
bakery_lint.tests.downstream.test_check_no_problematic_formats.CheckNoProblematicFormats.test_check_no_problematic_formats(): OK
bakery_lint.tests.downstream.test_check_italic_angle_agreement.CheckItalicAngleAgreement.test_check_italic_angle_agreement(): OK
bakery_lint.tests.downstream.test_check_glyf_table_length.CheckGlyfTableLength.test_check_glyf_table_length(): FAIL
bakery_lint.tests.downstream.test_check_unencoded_glyph.TestFontUnencodedGlyph.test_font_unencoded_glyphs(): FAIL
$ fontbakery-fix-glyph-private-encoding.py --autofix /home/travis/build/fontdirectory/molengo/builds/build/Molengo-Regular.ttf
$ mv /home/travis/build/fontdirectory/molengo/builds/build/Molengo-Regular.ttf.fix /home/travis/build/fontdirectory/molengo/builds/build/Molengo-Regular.ttf
bakery_lint.tests.downstream.test_check_unencoded_glyph.TestFontUnencodedGlyph.test_font_unencoded_glyphs(): FAIL
bakery_lint.tests.downstream.test_check_glyph_existence.CheckGlyphExistence.test_euro(): OK
bakery_lint.tests.downstream.test_check_glyph_existence.CheckGlyphExistence.test_nbsp(): OK
bakery_lint.tests.downstream.test_check_glyph_existence.CheckGlyphExistence.test_space(): OK
### Optimize TTF Molengo-Regular.ttf
$ ls -l 'Molengo-Regular.ttf'* # look at the size savings of that subset process
Molengo-Regular.ttf.opt: 51284 bytes
Molengo-Regular.ttf: 179792 bytes
$ mv /home/travis/build/fontdirectory/molengo/builds/build/Molengo-Regular.ttf.opt /home/travis/build/fontdirectory/molengo/builds/build/Molengo-Regular.ttf
### Autohint TTFs (ttfautohint) Molengo-Regular.ttf
$ ttfautohint -l 7 -r 28 -G 50 -x 13 -w "G" /home/travis/build/fontdirectory/molengo/builds/build/Molengo-Regular.ttf '/home/travis/build/fontdirectory/molengo/builds/build/Molengo-Regular.autohint.ttf'

$ ls -l /home/travis/build/fontdirectory/molengo/builds/build/Molengo-Regular.*ttf # look at the size savings of that subset process
/home/travis/build/fontdirectory/molengo/builds/build/Molengo-Regular.ttf: 51284 bytes
/home/travis/build/fontdirectory/molengo/builds/build/Molengo-Regular.autohint.ttf: 55976 bytes
$ mv /home/travis/build/fontdirectory/molengo/builds/build/Molengo-Regular.autohint.ttf /home/travis/build/fontdirectory/molengo/builds/build/Molengo-Regular.ttf
### Subset TTFs (pyftsubset) Molengo-Regular.ttf
$ pyftsubset Molengo-Regular.latin
$ pyftsubset Molengo-Regular.menu
strippedname:/home/travis/build/fontdirectory/molengo/builds/build/Molengo-Regular.ttf
$ fontbakery-build-font2ttf.py sources/Molengo-Regular-TTF.sfd Molengo-Regular-TTF.ttf
Internal Error: Point match failure last=65535, pnum=6
Internal Error: Point match failure last=65535, pnum=6
Internal Error: Point match failure last=65535, pnum=6
Internal Error: Point match failure last=65535, pnum=18
Internal Error: Point match failure last=65535, pnum=5
Internal Error: Point match failure last=65535, pnum=54
Internal Error: Point match failure last=65535, pnum=53
Internal Error: Point match failure last=65535, pnum=52
Internal Error: Point match failure last=65535, pnum=81
Internal Error: Point match failure last=65535, pnum=56
Internal Error: Point match failure last=65535, pnum=54
Internal Error: Point match failure last=65535, pnum=53
Internal Error: Point match failure last=65535, pnum=52
Internal Error: Point match failure last=65535, pnum=82
Internal Error: Point match failure last=65535, pnum=56
Internal Error: Point match failure last=65535, pnum=54
Internal Error: Point match failure last=65535, pnum=53
Internal Error: Point match failure last=65535, pnum=52
Internal Error: Point match failure last=65535, pnum=81
Internal Error: Point match failure last=65535, pnum=56
Internal Error: Point match failure last=65535, pnum=54
Internal Error: Point match failure last=65535, pnum=53
Internal Error: Point match failure last=65535, pnum=52
Internal Error: Point match failure last=65535, pnum=64
Internal Error: Point match failure last=65535, pnum=56
Internal Error: Point match failure last=65535, pnum=54
Internal Error: Point match failure last=65535, pnum=53
Internal Error: Point match failure last=65535, pnum=52
Internal Error: Point match failure last=65535, pnum=61
Internal Error: Point match failure last=65535, pnum=56
Internal Error: Point match failure last=65535, pnum=54
Internal Error: Point match failure last=65535, pnum=53
Internal Error: Point match failure last=65535, pnum=52
Internal Error: Point match failure last=65535, pnum=61
Internal Error: Point match failure last=65535, pnum=56
Internal Error: Point match failure last=65535, pnum=42
Internal Error: Point match failure last=65535, pnum=41
Internal Error: Point match failure last=65535, pnum=68
Internal Error: Point match failure last=65535, pnum=40
Internal Error: Point match failure last=65535, pnum=42
Internal Error: Point match failure last=65535, pnum=41
Internal Error: Point match failure last=65535, pnum=50
Internal Error: Point match failure last=65535, pnum=40
Internal Error: Point match failure last=65535, pnum=42
Internal Error: Point match failure last=65535, pnum=41
Internal Error: Point match failure last=65535, pnum=47
Internal Error: Point match failure last=65535, pnum=40
Internal Error: Point match failure last=65535, pnum=42
Internal Error: Point match failure last=65535, pnum=41
Internal Error: Point match failure last=65535, pnum=47
Internal Error: Point match failure last=65535, pnum=40
Internal Error: Point match failure last=65535, pnum=24
Internal Error: Point match failure last=65535, pnum=27
Internal Error: Point match failure last=65535, pnum=27
Internal Error: Point match failure last=65535, pnum=52
Internal Error: Point match failure last=65535, pnum=26
Internal Error: Point match failure last=65535, pnum=46
Internal Error: Point match failure last=65535, pnum=46
Internal Error: Point match failure last=65535, pnum=46
Internal Error: Point match failure last=65535, pnum=72
Internal Error: Point match failure last=65535, pnum=45
Internal Error: Point match failure last=65535, pnum=46
Internal Error: Point match failure last=65535, pnum=46
Internal Error: Point match failure last=65535, pnum=46
Internal Error: Point match failure last=65535, pnum=71
Internal Error: Point match failure last=65535, pnum=45
Internal Error: Point match failure last=65535, pnum=46
Internal Error: Point match failure last=65535, pnum=46
Internal Error: Point match failure last=65535, pnum=46
Internal Error: Point match failure last=65535, pnum=54
Internal Error: Point match failure last=65535, pnum=45
Internal Error: Point match failure last=65535, pnum=46
Internal Error: Point match failure last=65535, pnum=46
Internal Error: Point match failure last=65535, pnum=46
Internal Error: Point match failure last=65535, pnum=51
Internal Error: Point match failure last=65535, pnum=45
Internal Error: Point match failure last=65535, pnum=46
Internal Error: Point match failure last=65535, pnum=46
Internal Error: Point match failure last=65535, pnum=46
Internal Error: Point match failure last=65535, pnum=51
Internal Error: Point match failure last=65535, pnum=45
Internal Error: Point match failure last=65535, pnum=24
Internal Error: Point match failure last=65535, pnum=27
Internal Error: Point match failure last=65535, pnum=27
Internal Error: Point match failure last=65535, pnum=53
Internal Error: Point match failure last=65535, pnum=26
Internal Error: Point match failure last=65535, pnum=24
Internal Error: Point match failure last=65535, pnum=27
Internal Error: Point match failure last=65535, pnum=27
Internal Error: Point match failure last=65535, pnum=35
Internal Error: Point match failure last=65535, pnum=26
Internal Error: Point match failure last=65535, pnum=24
Internal Error: Point match failure last=65535, pnum=27
Internal Error: Point match failure last=65535, pnum=27
Internal Error: Point match failure last=65535, pnum=32
Internal Error: Point match failure last=65535, pnum=26
Internal Error: Point match failure last=65535, pnum=24
Internal Error: Point match failure last=65535, pnum=27
Internal Error: Point match failure last=65535, pnum=27
Internal Error: Point match failure last=65535, pnum=32
Internal Error: Point match failure last=65535, pnum=26
Internal Error: Point match failure last=65535, pnum=24
Internal Error: Point match failure last=65535, pnum=27
Internal Error: Point match failure last=65535, pnum=27
Internal Error: Point match failure last=65535, pnum=53
Internal Error: Point match failure last=65535, pnum=26
Internal Error: Point match failure last=65535, pnum=24
Internal Error: Point match failure last=65535, pnum=27
Internal Error: Point match failure last=65535, pnum=27
Internal Error: Point match failure last=65535, pnum=32
Internal Error: Point match failure last=65535, pnum=26
Internal Error: Point match failure last=65535, pnum=8
Internal Error: Point match failure last=65535, pnum=8
Internal Error: Point match failure last=65535, pnum=8
Internal Error: Point match failure last=65535, pnum=7
Internal Error: Point match failure last=65535, pnum=8
Internal Error: Point match failure last=65535, pnum=8
Internal Error: Point match failure last=65535, pnum=8
Internal Error: Point match failure last=65535, pnum=7
Internal Error: Point match failure last=65535, pnum=8
Internal Error: Point match failure last=65535, pnum=8
Internal Error: Point match failure last=65535, pnum=8
Internal Error: Point match failure last=65535, pnum=7
Internal Error: Point match failure last=65535, pnum=8
Internal Error: Point match failure last=65535, pnum=8
Internal Error: Point match failure last=65535, pnum=8
Internal Error: Point match failure last=65535, pnum=7
Internal Error: Point match failure last=65535, pnum=8
Internal Error: Point match failure last=65535, pnum=8
Internal Error: Point match failure last=65535, pnum=8
Internal Error: Point match failure last=65535, pnum=7
Internal Error: Point match failure last=65535, pnum=40
Internal Error: Point match failure last=65535, pnum=40
Internal Error: Point match failure last=65535, pnum=40
Internal Error: Point match failure last=65535, pnum=41
Internal Error: Point match failure last=65535, pnum=39
Internal Error: Point match failure last=65549, pnum=16
Internal Error: Point match failure last=65549, pnum=16
Internal Error: Point match failure last=65549, pnum=16
Internal Error: Point match failure last=65549, pnum=15
Success: Generated OpenType-TTF (/home/travis/build/fontdirectory/molengo/builds/build/Molengo-Regular-TTF.ttf)
### Test Molengo-Regular-TTF.ttf
$ fontbakery-check.py result Molengo-Regular-TTF.ttf
bakery_lint.tests.downstream.test_check_os2_width_class.CheckOS2WidthClass.test_check_os2_width_class(): OK
bakery_lint.tests.downstream.test_check_license_included.CheckLicenseIncluded.test_license_included_in_font_names(): OK
The following table(s) in the font have been ignored by FontForge
  Ignoring 'DSIG' digital signature table
bakery_lint.tests.downstream.test_fontforge_validation_state.FontForgeValidateStateTest.test_allowed_numbers_paths_in_composite_glyphs(): OK
bakery_lint.tests.downstream.test_fontforge_validation_state.FontForgeValidateStateTest.test_allowed_numbers_paths_in_glyphs(): OK
bakery_lint.tests.downstream.test_fontforge_validation_state.FontForgeValidateStateTest.test_allowed_numbers_points_in_composite_glyphs(): OK
bakery_lint.tests.downstream.test_fontforge_validation_state.FontForgeValidateStateTest.test_allowed_numbers_points_in_glyphs(): OK
bakery_lint.tests.downstream.test_fontforge_validation_state.FontForgeValidateStateTest.test_duplicate_glyphs(): OK
bakery_lint.tests.downstream.test_fontforge_validation_state.FontForgeValidateStateTest.test_duplicate_unicode_codepoints(): OK
bakery_lint.tests.downstream.test_fontforge_validation_state.FontForgeValidateStateTest.test_flipped_reference_in_glyphs(): OK
bakery_lint.tests.downstream.test_fontforge_validation_state.FontForgeValidateStateTest.test_missing_anchors(): OK
bakery_lint.tests.downstream.test_fontforge_validation_state.FontForgeValidateStateTest.test_missing_extrema_in_glyphs(): OK
bakery_lint.tests.downstream.test_fontforge_validation_state.FontForgeValidateStateTest.test_overlapped_hints(): OK
bakery_lint.tests.downstream.test_fontforge_validation_state.FontForgeValidateStateTest.test_points_are_integer_aligned(): OK
bakery_lint.tests.downstream.test_fontforge_validation_state.FontForgeValidateStateTest.test_points_are_not_too_far_apart(): OK
bakery_lint.tests.downstream.test_fontforge_validation_state.FontForgeValidateStateTest.test_postscript_hasnt_limit_hints_in_glyphs(): OK
bakery_lint.tests.downstream.test_fontforge_validation_state.FontForgeValidateStateTest.test_postscript_hasnt_limit_points_in_glyphs(): OK
bakery_lint.tests.downstream.test_fontforge_validation_state.FontForgeValidateStateTest.test_referenced_glyphs_are_present(): OK
bakery_lint.tests.downstream.test_fontforge_validation_state.FontForgeValidateStateTest.test_valid_glyph_names(): OK
bakery_lint.tests.downstream.test_fontforge_validation_state.FontForgeValidateStateTest.test_valid_length_instructions(): OK
bakery_lint.tests.downstream.test_fontforge_validation_state.FontForgeValidateStateTest.test_validation_glyph_intersect(): OK
bakery_lint.tests.downstream.test_fontforge_validation_state.FontForgeValidateStateTest.test_validation_open_contours(): OK
bakery_lint.tests.downstream.test_fontforge_validation_state.FontForgeValidateStateTest.test_wrong_direction_in_glyphs(): OK
bakery_lint.tests.downstream.test_check_magic_prep_code.CheckMagicPREPByteCode.test_prep_magic_code(): FAIL
bakery_lint.tests.downstream.test_check_nbsp_width_matches_sp_width.CheckNbspWidthMatchesSpWidth.test_check_nbsp_width_matches_sp_width(): OK
bakery_lint.tests.downstream.test_check_font_agreements.CheckFsTypeIsNotSet.test_is_fstype_not_set(): OK
$ fontbakery-fix-fstype.py --autofix /home/travis/build/fontdirectory/molengo/builds/build/Molengo-Regular-TTF.ttf
$ mv /home/travis/build/fontdirectory/molengo/builds/build/Molengo-Regular-TTF.ttf.fix /home/travis/build/fontdirectory/molengo/builds/build/Molengo-Regular-TTF.ttf
bakery_lint.tests.downstream.test_check_font_agreements.CheckFontAgreements.test_em_is_1000(): FAIL
bakery_lint.tests.downstream.test_check_font_agreements.CheckFontAgreements.test_font_is_font(): OK
bakery_lint.tests.downstream.test_check_font_agreements.CheckFontAgreements.test_latin_file_exists(): FAIL
bakery_lint.tests.downstream.test_check_font_agreements.CheckFontAgreements.test_menu_file_exists(): FAIL
bakery_lint.tests.downstream.test_check_names_same_across_platforms.CheckNamesSameAcrossPlatforms.test_check_names_same_across_platforms(): OK
bakery_lint.tests.downstream.test_check_full_font_name_begins_with_family_name.CheckFullFontNameBeginsWithFamilyName.test_check_full_font_name_begins_with_family_name(): OK
bakery_lint.tests.downstream.test_check_hmtx_hhea_max_advance_width_agreement.CheckHmtxHheaMaxAdvanceWidthAgreement.test_check_hmtx_hhea_max_advance_width_agreement(): OK
bakery_lint.tests.downstream.test_check_vertical_metrics.CheckVerticalLinegapMetrics.test_metrics_linegaps_are_zero(): FAIL
$ fontbakery-fix-vertical-metrics.py --autofix /home/travis/build/fontdirectory/molengo/builds/build/Molengo-Regular.ttf /home/travis/build/fontdirectory/molengo/builds/build/Molengo-Regular-TTF.ttf
$ mv /home/travis/build/fontdirectory/molengo/builds/build/Molengo-Regular.ttf.fix /home/travis/build/fontdirectory/molengo/builds/build/Molengo-Regular.ttf
$ mv /home/travis/build/fontdirectory/molengo/builds/build/Molengo-Regular-TTF.ttf.fix /home/travis/build/fontdirectory/molengo/builds/build/Molengo-Regular-TTF.ttf
$ fontbakery-fix-vertical-metrics.py /home/travis/build/fontdirectory/molengo/builds/build/Molengo-Regular.ttf /home/travis/build/fontdirectory/molengo/builds/build/Molengo-Regular-TTF.ttf
Parameter              Molengo-Regular.ttf    Molengo-Regular-TTF.ttf    
ymax                   1928                   1928                       
hhea.ascent            1928                   1928                       
OS/2.sTypoAscender     1928                   1928                       
OS/2.usWinAscent       1928                   1928                       
ymin                   -522                   -522                       
hhea.descent           -522                   -522                       
OS/2.sTypoDescender    -522                   -522                       
OS/2.usWinDescent      522                    522                        
hhea.lineGap           0                      0                          
OS/2.sTypoLineGap      0                      0                          
hhea total             2450                   2450                       
typo total             2450                   2450                       
win total              2450                   2450                       
UPM:Heights            2048:2450              2048:2450                  
UPM:Heights %          119 %                  119 %                      


bakery_lint.tests.downstream.test_check_vertical_metrics.CheckVerticalLinegapMetrics.test_metrics_linegaps_are_zero(): OK
bakery_lint.tests.downstream.test_check_vertical_metrics.CheckVerticalAscentMetrics.test_metrics_ascents_equal_bbox(): OK
bakery_lint.tests.downstream.test_check_vertical_metrics.CheckVerticalDescentMetrics.test_metrics_descents_equal_bbox(): OK
bakery_lint.tests.downstream.test_gpos_table_has_kerning_info.CheckGposTableHasKerningInfo.test_gpos_table_has_kerning_info(): ERROR
bakery_lint.tests.downstream.test_check_name_table_recommendation.CheckStyleNameRecommendation.test_check_stylename_is_under_recommendations(): OK
bakery_lint.tests.downstream.test_check_name_table_recommendation.CheckOTFamilyNameRecommendation.test_check_opentype_familyname(): OK
bakery_lint.tests.downstream.test_check_name_table_recommendation.CheckOTStyleNameRecommendation.test_check_opentype_stylename(): OK
bakery_lint.tests.downstream.test_check_name_table_recommendation.CheckOTFullNameRecommendation.test_check_opentype_fullname(): OK
bakery_lint.tests.downstream.test_check_fontname_matches_macstyle.CheckFontNameEqualToMacStyleFlags.test_fontname_is_equal_to_macstyle(): FAIL
bakery_lint.tests.downstream.test_gasp_table_value.CheckGaspTableType.test_check_gasp_table_type(): FAIL
$ fontbakery-fix-gasp.py --set=15 /home/travis/build/fontdirectory/molengo/builds/build/Molengo-Regular-TTF.ttf
$ mv /home/travis/build/fontdirectory/molengo/builds/build/Molengo-Regular-TTF.ttf.fix /home/travis/build/fontdirectory/molengo/builds/build/Molengo-Regular-TTF.ttf
bakery_lint.tests.downstream.test_gasp_table_value.CheckGaspTableType.test_check_gasp_table_type(): OK
$ fontbakery-fix-gasp.py --set=15 /home/travis/build/fontdirectory/molengo/builds/build/Molengo-Regular-TTF.ttf
$ mv /home/travis/build/fontdirectory/molengo/builds/build/Molengo-Regular-TTF.ttf.fix /home/travis/build/fontdirectory/molengo/builds/build/Molengo-Regular-TTF.ttf
bakery_lint.tests.downstream.test_names_are_ascii_only.CheckNamesAreASCIIOnly.test_check_names_are_ascii_only(): OK
bakery_lint.tests.downstream.test_check_upm_heights_less_120.TestCheckUPMHeightsLess120.test_check_upm_heigths_less_120(): OK
bakery_lint.tests.downstream.test_check_font_tables.CheckFontHasDsigTable.test_check_font_has_dsig_table(): OK
bakery_lint.tests.downstream.test_check_font_tables.CheckFontHasNotKernTable.test_no_kern_table_exists(): OK
bakery_lint.tests.downstream.test_check_unused_glyph_data.CheckUnusedGlyphData.test_check_unused_glyph_data(): ERROR
bakery_lint.tests.downstream.test_check_panose_identification.CheckPanoseIdentification.test_check_panose_identification(): OK
bakery_lint.tests.downstream.test_check_no_problematic_formats.CheckNoProblematicFormats.test_check_no_problematic_formats(): OK
bakery_lint.tests.downstream.test_check_italic_angle_agreement.CheckItalicAngleAgreement.test_check_italic_angle_agreement(): OK
bakery_lint.tests.downstream.test_check_glyf_table_length.CheckGlyfTableLength.test_check_glyf_table_length(): FAIL
bakery_lint.tests.downstream.test_check_unencoded_glyph.TestFontUnencodedGlyph.test_font_unencoded_glyphs(): FAIL
$ fontbakery-fix-glyph-private-encoding.py --autofix /home/travis/build/fontdirectory/molengo/builds/build/Molengo-Regular-TTF.ttf
$ mv /home/travis/build/fontdirectory/molengo/builds/build/Molengo-Regular-TTF.ttf.fix /home/travis/build/fontdirectory/molengo/builds/build/Molengo-Regular-TTF.ttf
bakery_lint.tests.downstream.test_check_unencoded_glyph.TestFontUnencodedGlyph.test_font_unencoded_glyphs(): FAIL
bakery_lint.tests.downstream.test_check_glyph_existence.CheckGlyphExistence.test_euro(): OK
bakery_lint.tests.downstream.test_check_glyph_existence.CheckGlyphExistence.test_nbsp(): OK
bakery_lint.tests.downstream.test_check_glyph_existence.CheckGlyphExistence.test_space(): OK
### Optimize TTF Molengo-Regular-TTF.ttf
$ ls -l 'Molengo-Regular-TTF.ttf'* # look at the size savings of that subset process
Molengo-Regular-TTF.ttf.opt: 31476 bytes
Molengo-Regular-TTF.ttf: 37784 bytes
$ mv /home/travis/build/fontdirectory/molengo/builds/build/Molengo-Regular-TTF.ttf.opt /home/travis/build/fontdirectory/molengo/builds/build/Molengo-Regular-TTF.ttf
### Autohint TTFs (ttfautohint) Molengo-Regular-TTF.ttf
$ ttfautohint -l 7 -r 28 -G 50 -x 13 -w "G" /home/travis/build/fontdirectory/molengo/builds/build/Molengo-Regular-TTF.ttf '/home/travis/build/fontdirectory/molengo/builds/build/Molengo-Regular-TTF.autohint.ttf'

$ ls -l /home/travis/build/fontdirectory/molengo/builds/build/Molengo-Regular-TTF.*ttf # look at the size savings of that subset process
/home/travis/build/fontdirectory/molengo/builds/build/Molengo-Regular-TTF.ttf: 31476 bytes
/home/travis/build/fontdirectory/molengo/builds/build/Molengo-Regular-TTF.autohint.ttf: 44856 bytes
$ mv /home/travis/build/fontdirectory/molengo/builds/build/Molengo-Regular-TTF.autohint.ttf /home/travis/build/fontdirectory/molengo/builds/build/Molengo-Regular-TTF.ttf
### Subset TTFs (pyftsubset) Molengo-Regular-TTF.ttf
$ pyftsubset Molengo-Regular-TTF.latin
$ pyftsubset Molengo-Regular-TTF.menu
strippedname:/home/travis/build/fontdirectory/molengo/builds/build/Molengo-Regular-TTF.ttf
$ fontbakery-build-font2ttf.py sources/Molengo-Regular.sfd Molengo-Regular.ttf
Internal Error: Invalid 2nd order spline in SplineRefigure2
Internal Error: Invalid 2nd order spline in SplineRefigure2
Internal Error: Invalid 2nd order spline in SplineRefigure2
Internal Error: Invalid 2nd order spline in SplineRefigure2
Internal Error: Invalid 2nd order spline in SplineRefigure2
Internal Error: Invalid 2nd order spline in SplineRefigure2
Internal Error: Invalid 2nd order spline in SplineRefigure2
Internal Error: Invalid 2nd order spline in SplineRefigure2
Internal Error: Invalid 2nd order spline in SplineRefigure2
Internal Error: Invalid 2nd order spline in SplineRefigure2
Internal Error: Invalid 2nd order spline in SplineRefigure2
Internal Error: Invalid 2nd order spline in SplineRefigure2
Internal Error: Invalid 2nd order spline in SplineRefigure2
Internal Error: Invalid 2nd order spline in SplineRefigure2
Internal Error: Point match failure last=65535, pnum=14
Internal Error: Point match failure last=65535, pnum=11
Internal Error: Point match failure last=65535, pnum=11
Internal Error: Point match failure last=65535, pnum=11
Internal Error: Point match failure last=65535, pnum=11
Internal Error: Point match failure last=65535, pnum=11
Internal Error: Point match failure last=65535, pnum=11
Internal Error: Point match failure last=65535, pnum=11
Internal Error: Point match failure last=65535, pnum=11
Internal Error: Point match failure last=65535, pnum=11
Internal Error: Point match failure last=65535, pnum=57
Internal Error: Point match failure last=65535, pnum=36
Internal Error: Point match failure last=65535, pnum=36
Internal Error: Point match failure last=65535, pnum=39
Internal Error: Point match failure last=65535, pnum=34
Internal Error: Point match failure last=65535, pnum=34
Internal Error: Point match failure last=65535, pnum=34
Internal Error: Point match failure last=65535, pnum=15
Internal Error: Point match failure last=65535, pnum=13
Internal Error: Point match failure last=65535, pnum=15
Internal Error: Point match failure last=65535, pnum=13
Internal Error: Point match failure last=65535, pnum=13
Internal Error: Point match failure last=65535, pnum=13
Internal Error: Point match failure last=65535, pnum=15
Internal Error: Point match failure last=65535, pnum=13
Internal Error: Point match failure last=65535, pnum=13
Internal Error: Point match failure last=65535, pnum=13
Internal Error: Point match failure last=65535, pnum=13
Internal Error: Point match failure last=65535, pnum=36
Internal Error: Point match failure last=65535, pnum=15
Internal Error: Point match failure last=65535, pnum=4
Internal Error: Point match failure last=65535, pnum=5
Internal Error: Point match failure last=65535, pnum=6
Internal Error: Point match failure last=65535, pnum=6
Internal Error: Point match failure last=65535, pnum=6
Internal Error: Point match failure last=65535, pnum=18
Internal Error: Point match failure last=65535, pnum=4
Internal Error: Point match failure last=65535, pnum=4
Internal Error: Point match failure last=65535, pnum=6
Internal Error: Point match failure last=65535, pnum=4
Internal Error: Point match failure last=65535, pnum=4
Internal Error: Point match failure last=65535, pnum=4
Internal Error: Point match failure last=65535, pnum=4
Internal Error: Point match failure last=65535, pnum=8
Internal Error: Point match failure last=65535, pnum=8
Internal Error: Point match failure last=65535, pnum=13
Internal Error: Point match failure last=65535, pnum=13
Internal Error: Point match failure last=65535, pnum=10
Internal Error: Point match failure last=65535, pnum=10
Internal Error: Point match failure last=65535, pnum=0
Internal Error: Point match failure last=65535, pnum=0
Internal Error: Point match failure last=65535, pnum=40
Internal Error: Point match failure last=65535, pnum=0
Internal Error: Point match failure last=65535, pnum=0
Internal Error: Point match failure last=65535, pnum=0
Internal Error: Point match failure last=65535, pnum=0
Internal Error: Point match failure last=65535, pnum=0
Internal Error: Point match failure last=65535, pnum=26
Internal Error: Invalid 2nd order spline in SplineRefigure2
Internal Error: Point match failure last=65535, pnum=58
Internal Error: Point match failure last=65535, pnum=60
Internal Error: Point match failure last=65535, pnum=10
Internal Error: Point match failure last=65535, pnum=10
Internal Error: Point match failure last=65535, pnum=10
Internal Error: Point match failure last=65535, pnum=19
Internal Error: Point match failure last=65535, pnum=19
Internal Error: Point match failure last=65535, pnum=17
Internal Error: Point match failure last=65535, pnum=19
Internal Error: Point match failure last=65535, pnum=19
Internal Error: Point match failure last=65535, pnum=17
Internal Error: Point match failure last=65535, pnum=19
Internal Error: Point match failure last=65535, pnum=19
Internal Error: Point match failure last=65535, pnum=19
Internal Error: Point match failure last=65535, pnum=19
Internal Error: Point match failure last=65535, pnum=13
Internal Error: Point match failure last=65535, pnum=13
Internal Error: Point match failure last=65535, pnum=9
Internal Error: Point match failure last=65535, pnum=9
Internal Error: Point match failure last=65535, pnum=11
Internal Error: Point match failure last=65535, pnum=54
Internal Error: Point match failure last=65535, pnum=52
Internal Error: Point match failure last=65535, pnum=52
Internal Error: Point match failure last=65535, pnum=56
Internal Error: Point match failure last=65535, pnum=52
Internal Error: Point match failure last=65535, pnum=53
Internal Error: Point match failure last=65535, pnum=54
Internal Error: Point match failure last=65535, pnum=81
Internal Error: Point match failure last=65535, pnum=52
Internal Error: Point match failure last=65535, pnum=56
Internal Error: Point match failure last=65535, pnum=52
Internal Error: Point match failure last=65535, pnum=53
Internal Error: Point match failure last=65535, pnum=54
Internal Error: Point match failure last=65535, pnum=82
Internal Error: Point match failure last=65535, pnum=52
Internal Error: Point match failure last=65535, pnum=56
Internal Error: Point match failure last=65535, pnum=52
Internal Error: Point match failure last=65535, pnum=53
Internal Error: Point match failure last=65535, pnum=54
Internal Error: Point match failure last=65535, pnum=81
Internal Error: Point match failure last=65535, pnum=52
Internal Error: Point match failure last=65535, pnum=56
Internal Error: Point match failure last=65535, pnum=52
Internal Error: Point match failure last=65535, pnum=53
Internal Error: Point match failure last=65535, pnum=54
Internal Error: Point match failure last=65535, pnum=64
Internal Error: Point match failure last=65535, pnum=52
Internal Error: Point match failure last=65535, pnum=61
Internal Error: Point match failure last=65535, pnum=54
Internal Error: Point match failure last=65535, pnum=53
Internal Error: Point match failure last=65535, pnum=52
Internal Error: Point match failure last=65535, pnum=56
Internal Error: Point match failure last=65535, pnum=52
Internal Error: Point match failure last=65535, pnum=56
Internal Error: Point match failure last=65535, pnum=52
Internal Error: Point match failure last=65535, pnum=53
Internal Error: Point match failure last=65535, pnum=54
Internal Error: Point match failure last=65535, pnum=61
Internal Error: Point match failure last=65535, pnum=52
Internal Error: Point match failure last=65535, pnum=34
Internal Error: Point match failure last=65535, pnum=26
Internal Error: Point match failure last=65535, pnum=26
Internal Error: Point match failure last=65535, pnum=27
Internal Error: Point match failure last=65535, pnum=26
Internal Error: Point match failure last=65535, pnum=48
Internal Error: Point match failure last=65535, pnum=29
Internal Error: Point match failure last=65535, pnum=31
Internal Error: Point match failure last=65535, pnum=31
Internal Error: Point match failure last=65535, pnum=31
Internal Error: Point match failure last=65535, pnum=42
Internal Error: Point match failure last=65535, pnum=39
Internal Error: Point match failure last=65535, pnum=42
Internal Error: Point match failure last=65535, pnum=39
Internal Error: Point match failure last=65535, pnum=39
Internal Error: Point match failure last=65535, pnum=39
Internal Error: Point match failure last=65535, pnum=42
Internal Error: Point match failure last=65535, pnum=42
Internal Error: Point match failure last=65535, pnum=68
Internal Error: Point match failure last=65535, pnum=40
Internal Error: Point match failure last=65535, pnum=41
Internal Error: Point match failure last=65535, pnum=39
Internal Error: Point match failure last=65535, pnum=42
Internal Error: Point match failure last=65535, pnum=50
Internal Error: Point match failure last=65535, pnum=40
Internal Error: Point match failure last=65535, pnum=41
Internal Error: Point match failure last=65535, pnum=39
Internal Error: Point match failure last=65535, pnum=42
Internal Error: Point match failure last=65535, pnum=47
Internal Error: Point match failure last=65535, pnum=40
Internal Error: Point match failure last=65535, pnum=41
Internal Error: Point match failure last=65535, pnum=39
Internal Error: Point match failure last=65535, pnum=41
Internal Error: Point match failure last=65535, pnum=40
Internal Error: Point match failure last=65535, pnum=47
Internal Error: Point match failure last=65535, pnum=42
Internal Error: Point match failure last=65535, pnum=39
Internal Error: Point match failure last=65535, pnum=94
Internal Error: Point match failure last=65535, pnum=24
Internal Error: Point match failure last=65535, pnum=14
Internal Error: Point match failure last=65535, pnum=14
Internal Error: Point match failure last=65535, pnum=24
Internal Error: Point match failure last=65535, pnum=24
Internal Error: Point match failure last=65535, pnum=25
Internal Error: Point match failure last=65535, pnum=52
Internal Error: Point match failure last=65535, pnum=24
Internal Error: Point match failure last=65535, pnum=27
Internal Error: Point match failure last=65535, pnum=27
Internal Error: Point match failure last=65535, pnum=26
Internal Error: Point match failure last=65535, pnum=25
Internal Error: Point match failure last=65535, pnum=44
Internal Error: Point match failure last=65535, pnum=44
Internal Error: Point match failure last=65535, pnum=46
Internal Error: Point match failure last=65535, pnum=45
Internal Error: Point match failure last=65535, pnum=46
Internal Error: Point match failure last=65535, pnum=46
Internal Error: Point match failure last=65535, pnum=46
Internal Error: Point match failure last=65535, pnum=72
Internal Error: Point match failure last=65535, pnum=44
Internal Error: Point match failure last=65535, pnum=45
Internal Error: Point match failure last=65535, pnum=46
Internal Error: Point match failure last=65535, pnum=46
Internal Error: Point match failure last=65535, pnum=46
Internal Error: Point match failure last=65535, pnum=71
Internal Error: Point match failure last=65535, pnum=44
Internal Error: Point match failure last=65535, pnum=45
Internal Error: Point match failure last=65535, pnum=46
Internal Error: Point match failure last=65535, pnum=46
Internal Error: Point match failure last=65535, pnum=46
Internal Error: Point match failure last=65535, pnum=54
Internal Error: Point match failure last=65535, pnum=44
Internal Error: Point match failure last=65535, pnum=45
Internal Error: Point match failure last=65535, pnum=46
Internal Error: Point match failure last=65535, pnum=46
Internal Error: Point match failure last=65535, pnum=46
Internal Error: Point match failure last=65535, pnum=51
Internal Error: Point match failure last=65535, pnum=44
Internal Error: Point match failure last=65535, pnum=51
Internal Error: Point match failure last=65535, pnum=46
Internal Error: Point match failure last=65535, pnum=46
Internal Error: Point match failure last=65535, pnum=46
Internal Error: Point match failure last=65535, pnum=45
Internal Error: Point match failure last=65535, pnum=44
Internal Error: Point match failure last=65535, pnum=30
Internal Error: Point match failure last=65535, pnum=39
Internal Error: Point match failure last=65535, pnum=38
Internal Error: Point match failure last=65535, pnum=22
Internal Error: Point match failure last=65535, pnum=22
Internal Error: Point match failure last=65535, pnum=22
Internal Error: Point match failure last=65535, pnum=25
Internal Error: Point match failure last=65535, pnum=25
Internal Error: Point match failure last=65535, pnum=24
Internal Error: Point match failure last=65535, pnum=25
Internal Error: Point match failure last=65535, pnum=25
Internal Error: Point match failure last=65535, pnum=24
Internal Error: Point match failure last=65535, pnum=53
Internal Error: Point match failure last=65535, pnum=24
Internal Error: Point match failure last=65535, pnum=27
Internal Error: Point match failure last=65535, pnum=27
Internal Error: Point match failure last=65535, pnum=26
Internal Error: Point match failure last=65535, pnum=25
Internal Error: Point match failure last=65535, pnum=35
Internal Error: Point match failure last=65535, pnum=24
Internal Error: Point match failure last=65535, pnum=27
Internal Error: Point match failure last=65535, pnum=27
Internal Error: Point match failure last=65535, pnum=26
Internal Error: Point match failure last=65535, pnum=25
Internal Error: Point match failure last=65535, pnum=32
Internal Error: Point match failure last=65535, pnum=24
Internal Error: Point match failure last=65535, pnum=27
Internal Error: Point match failure last=65535, pnum=27
Internal Error: Point match failure last=65535, pnum=26
Internal Error: Point match failure last=65535, pnum=25
Internal Error: Point match failure last=65535, pnum=26
Internal Error: Point match failure last=65535, pnum=27
Internal Error: Point match failure last=65535, pnum=27
Internal Error: Point match failure last=65535, pnum=24
Internal Error: Point match failure last=65535, pnum=32
Internal Error: Point match failure last=65535, pnum=25
Internal Error: Point match failure last=65535, pnum=14
Internal Error: Point match failure last=65535, pnum=14
Internal Error: Point match failure last=65535, pnum=25
Internal Error: Point match failure last=65535, pnum=26
Internal Error: Point match failure last=65535, pnum=27
Internal Error: Point match failure last=65535, pnum=27
Internal Error: Point match failure last=65535, pnum=24
Internal Error: Point match failure last=65535, pnum=53
Internal Error: Point match failure last=65535, pnum=25
Internal Error: Point match failure last=65535, pnum=26
Internal Error: Point match failure last=65535, pnum=27
Internal Error: Point match failure last=65535, pnum=27
Internal Error: Point match failure last=65535, pnum=24
Internal Error: Point match failure last=65535, pnum=32
Internal Error: Point match failure last=65535, pnum=25
Internal Error: Point match failure last=65535, pnum=8
Internal Error: Invalid 2nd order spline in SplineRefigure2
Internal Error: Invalid 2nd order spline in SplineRefigure2
Internal Error: Invalid 2nd order spline in SplineRefigure2
Internal Error: Invalid 2nd order spline in SplineRefigure2
Internal Error: Invalid 2nd order spline in SplineRefigure2
Internal Error: Invalid 2nd order spline in SplineRefigure2
Internal Error: Point match failure last=65535, pnum=6
Internal Error: Point match failure last=65535, pnum=6
Internal Error: Point match failure last=65535, pnum=7
Internal Error: Point match failure last=65535, pnum=8
Internal Error: Point match failure last=65535, pnum=8
Internal Error: Point match failure last=65535, pnum=8
Internal Error: Point match failure last=65535, pnum=34
Internal Error: Point match failure last=65535, pnum=6
Internal Error: Point match failure last=65535, pnum=7
Internal Error: Point match failure last=65535, pnum=8
Internal Error: Point match failure last=65535, pnum=8
Internal Error: Point match failure last=65535, pnum=8
Internal Error: Point match failure last=65535, pnum=16
Internal Error: Point match failure last=65535, pnum=6
Internal Error: Point match failure last=65535, pnum=7
Internal Error: Point match failure last=65535, pnum=8
Internal Error: Point match failure last=65535, pnum=8
Internal Error: Point match failure last=65535, pnum=8
Internal Error: Point match failure last=65535, pnum=13
Internal Error: Point match failure last=65535, pnum=6
Internal Error: Point match failure last=65535, pnum=7
Internal Error: Point match failure last=65535, pnum=8
Internal Error: Point match failure last=65535, pnum=8
Internal Error: Point match failure last=65535, pnum=8
Internal Error: Point match failure last=65535, pnum=13
Internal Error: Point match failure last=65535, pnum=6
Internal Error: Point match failure last=65535, pnum=20
Internal Error: Point match failure last=65535, pnum=8
Internal Error: Point match failure last=65535, pnum=8
Internal Error: Point match failure last=65535, pnum=8
Internal Error: Point match failure last=65535, pnum=7
Internal Error: Point match failure last=65535, pnum=6
Internal Error: Point match failure last=65535, pnum=8
Internal Error: Point match failure last=8388608, pnum=8
Internal Error: Point match failure last=65535, pnum=39
Internal Error: Point match failure last=65535, pnum=40
Internal Error: Point match failure last=65535, pnum=40
Internal Error: Point match failure last=65535, pnum=41
Internal Error: Point match failure last=65535, pnum=40
Internal Error: Invalid 2nd order spline in SplineRefigure2
Internal Error: Invalid 2nd order spline in SplineRefigure2
Internal Error: Invalid 2nd order spline in SplineRefigure2
Internal Error: Invalid 2nd order spline in SplineRefigure2
Internal Error: Invalid 2nd order spline in SplineRefigure2
Internal Error: Invalid 2nd order spline in SplineRefigure2
Internal Error: Point match failure last=65552, pnum=28
Internal Error: Point match failure last=65535, pnum=18
Internal Error: Point match failure last=65535, pnum=17
Internal Error: Point match failure last=65535, pnum=18
Internal Error: Point match failure last=65535, pnum=15
Internal Error: Point match failure last=65535, pnum=16
Internal Error: Point match failure last=65535, pnum=16
Internal Error: Point match failure last=65535, pnum=16
Success: Generated OpenType-TTF (/home/travis/build/fontdirectory/molengo/builds/build/Molengo-Regular.ttf)
### Test Molengo-Regular.ttf
$ fontbakery-check.py result Molengo-Regular.ttf
bakery_lint.tests.downstream.test_check_os2_width_class.CheckOS2WidthClass.test_check_os2_width_class(): OK
bakery_lint.tests.downstream.test_check_license_included.CheckLicenseIncluded.test_license_included_in_font_names(): OK
The following table(s) in the font have been ignored by FontForge
  Ignoring 'DSIG' digital signature table
bakery_lint.tests.downstream.test_fontforge_validation_state.FontForgeValidateStateTest.test_allowed_numbers_paths_in_composite_glyphs(): OK
bakery_lint.tests.downstream.test_fontforge_validation_state.FontForgeValidateStateTest.test_allowed_numbers_paths_in_glyphs(): OK
bakery_lint.tests.downstream.test_fontforge_validation_state.FontForgeValidateStateTest.test_allowed_numbers_points_in_composite_glyphs(): OK
bakery_lint.tests.downstream.test_fontforge_validation_state.FontForgeValidateStateTest.test_allowed_numbers_points_in_glyphs(): OK
bakery_lint.tests.downstream.test_fontforge_validation_state.FontForgeValidateStateTest.test_duplicate_glyphs(): OK
bakery_lint.tests.downstream.test_fontforge_validation_state.FontForgeValidateStateTest.test_duplicate_unicode_codepoints(): OK
bakery_lint.tests.downstream.test_fontforge_validation_state.FontForgeValidateStateTest.test_flipped_reference_in_glyphs(): OK
bakery_lint.tests.downstream.test_fontforge_validation_state.FontForgeValidateStateTest.test_missing_anchors(): OK
bakery_lint.tests.downstream.test_fontforge_validation_state.FontForgeValidateStateTest.test_missing_extrema_in_glyphs(): FAIL
bakery_lint.tests.downstream.test_fontforge_validation_state.FontForgeValidateStateTest.test_overlapped_hints(): OK
bakery_lint.tests.downstream.test_fontforge_validation_state.FontForgeValidateStateTest.test_points_are_integer_aligned(): OK
bakery_lint.tests.downstream.test_fontforge_validation_state.FontForgeValidateStateTest.test_points_are_not_too_far_apart(): OK
bakery_lint.tests.downstream.test_fontforge_validation_state.FontForgeValidateStateTest.test_postscript_hasnt_limit_hints_in_glyphs(): OK
bakery_lint.tests.downstream.test_fontforge_validation_state.FontForgeValidateStateTest.test_postscript_hasnt_limit_points_in_glyphs(): OK
bakery_lint.tests.downstream.test_fontforge_validation_state.FontForgeValidateStateTest.test_referenced_glyphs_are_present(): OK
bakery_lint.tests.downstream.test_fontforge_validation_state.FontForgeValidateStateTest.test_valid_glyph_names(): OK
bakery_lint.tests.downstream.test_fontforge_validation_state.FontForgeValidateStateTest.test_valid_length_instructions(): OK
bakery_lint.tests.downstream.test_fontforge_validation_state.FontForgeValidateStateTest.test_validation_glyph_intersect(): FAIL
bakery_lint.tests.downstream.test_fontforge_validation_state.FontForgeValidateStateTest.test_validation_open_contours(): OK
bakery_lint.tests.downstream.test_fontforge_validation_state.FontForgeValidateStateTest.test_wrong_direction_in_glyphs(): OK
bakery_lint.tests.downstream.test_check_magic_prep_code.CheckMagicPREPByteCode.test_prep_magic_code(): FAIL
bakery_lint.tests.downstream.test_check_nbsp_width_matches_sp_width.CheckNbspWidthMatchesSpWidth.test_check_nbsp_width_matches_sp_width(): OK
bakery_lint.tests.downstream.test_check_font_agreements.CheckFsTypeIsNotSet.test_is_fstype_not_set(): OK
$ fontbakery-fix-fstype.py --autofix /home/travis/build/fontdirectory/molengo/builds/build/Molengo-Regular.ttf
$ mv /home/travis/build/fontdirectory/molengo/builds/build/Molengo-Regular.ttf.fix /home/travis/build/fontdirectory/molengo/builds/build/Molengo-Regular.ttf
bakery_lint.tests.downstream.test_check_font_agreements.CheckFontAgreements.test_em_is_1000(): FAIL
bakery_lint.tests.downstream.test_check_font_agreements.CheckFontAgreements.test_font_is_font(): OK
bakery_lint.tests.downstream.test_check_font_agreements.CheckFontAgreements.test_latin_file_exists(): OK
bakery_lint.tests.downstream.test_check_font_agreements.CheckFontAgreements.test_menu_file_exists(): OK
bakery_lint.tests.downstream.test_check_names_same_across_platforms.CheckNamesSameAcrossPlatforms.test_check_names_same_across_platforms(): OK
bakery_lint.tests.downstream.test_check_full_font_name_begins_with_family_name.CheckFullFontNameBeginsWithFamilyName.test_check_full_font_name_begins_with_family_name(): OK
bakery_lint.tests.downstream.test_check_hmtx_hhea_max_advance_width_agreement.CheckHmtxHheaMaxAdvanceWidthAgreement.test_check_hmtx_hhea_max_advance_width_agreement(): OK
bakery_lint.tests.downstream.test_check_vertical_metrics.CheckVerticalLinegapMetrics.test_metrics_linegaps_are_zero(): FAIL
$ fontbakery-fix-vertical-metrics.py --autofix /home/travis/build/fontdirectory/molengo/builds/build/Molengo-Regular.ttf /home/travis/build/fontdirectory/molengo/builds/build/Molengo-Regular-TTF.ttf
$ mv /home/travis/build/fontdirectory/molengo/builds/build/Molengo-Regular.ttf.fix /home/travis/build/fontdirectory/molengo/builds/build/Molengo-Regular.ttf
$ mv /home/travis/build/fontdirectory/molengo/builds/build/Molengo-Regular-TTF.ttf.fix /home/travis/build/fontdirectory/molengo/builds/build/Molengo-Regular-TTF.ttf
$ fontbakery-fix-vertical-metrics.py /home/travis/build/fontdirectory/molengo/builds/build/Molengo-Regular.ttf /home/travis/build/fontdirectory/molengo/builds/build/Molengo-Regular-TTF.ttf
Parameter              Molengo-Regular.ttf    Molengo-Regular-TTF.ttf    
ymax                   1928                   1928                       
hhea.ascent            1928                   1928                       
OS/2.sTypoAscender     1928                   1928                       
OS/2.usWinAscent       1928                   1928                       
ymin                   -522                   -522                       
hhea.descent           -522                   -522                       
OS/2.sTypoDescender    -522                   -522                       
OS/2.usWinDescent      522                    522                        
hhea.lineGap           0                      0                          
OS/2.sTypoLineGap      0                      0                          
hhea total             2450                   2450                       
typo total             2450                   2450                       
win total              2450                   2450                       
UPM:Heights            2048:2450              2048:2450                  
UPM:Heights %          119 %                  119 %                      


bakery_lint.tests.downstream.test_check_vertical_metrics.CheckVerticalLinegapMetrics.test_metrics_linegaps_are_zero(): OK
bakery_lint.tests.downstream.test_check_vertical_metrics.CheckVerticalAscentMetrics.test_metrics_ascents_equal_bbox(): OK
bakery_lint.tests.downstream.test_check_vertical_metrics.CheckVerticalDescentMetrics.test_metrics_descents_equal_bbox(): OK
bakery_lint.tests.downstream.test_gpos_table_has_kerning_info.CheckGposTableHasKerningInfo.test_gpos_table_has_kerning_info(): ERROR
bakery_lint.tests.downstream.test_check_name_table_recommendation.CheckStyleNameRecommendation.test_check_stylename_is_under_recommendations(): OK
bakery_lint.tests.downstream.test_check_name_table_recommendation.CheckOTFamilyNameRecommendation.test_check_opentype_familyname(): OK
bakery_lint.tests.downstream.test_check_name_table_recommendation.CheckOTStyleNameRecommendation.test_check_opentype_stylename(): OK
bakery_lint.tests.downstream.test_check_name_table_recommendation.CheckOTFullNameRecommendation.test_check_opentype_fullname(): OK
bakery_lint.tests.downstream.test_check_fontname_matches_macstyle.CheckFontNameEqualToMacStyleFlags.test_fontname_is_equal_to_macstyle(): FAIL
bakery_lint.tests.downstream.test_gasp_table_value.CheckGaspTableType.test_check_gasp_table_type(): FAIL
$ fontbakery-fix-gasp.py --set=15 /home/travis/build/fontdirectory/molengo/builds/build/Molengo-Regular.ttf
$ mv /home/travis/build/fontdirectory/molengo/builds/build/Molengo-Regular.ttf.fix /home/travis/build/fontdirectory/molengo/builds/build/Molengo-Regular.ttf
bakery_lint.tests.downstream.test_gasp_table_value.CheckGaspTableType.test_check_gasp_table_type(): OK
$ fontbakery-fix-gasp.py --set=15 /home/travis/build/fontdirectory/molengo/builds/build/Molengo-Regular.ttf
$ mv /home/travis/build/fontdirectory/molengo/builds/build/Molengo-Regular.ttf.fix /home/travis/build/fontdirectory/molengo/builds/build/Molengo-Regular.ttf
bakery_lint.tests.downstream.test_names_are_ascii_only.CheckNamesAreASCIIOnly.test_check_names_are_ascii_only(): OK
bakery_lint.tests.downstream.test_check_upm_heights_less_120.TestCheckUPMHeightsLess120.test_check_upm_heigths_less_120(): OK
bakery_lint.tests.downstream.test_check_font_tables.CheckFontHasDsigTable.test_check_font_has_dsig_table(): OK
bakery_lint.tests.downstream.test_check_font_tables.CheckFontHasNotKernTable.test_no_kern_table_exists(): OK
bakery_lint.tests.downstream.test_check_unused_glyph_data.CheckUnusedGlyphData.test_check_unused_glyph_data(): ERROR
bakery_lint.tests.downstream.test_check_panose_identification.CheckPanoseIdentification.test_check_panose_identification(): OK
bakery_lint.tests.downstream.test_check_no_problematic_formats.CheckNoProblematicFormats.test_check_no_problematic_formats(): OK
bakery_lint.tests.downstream.test_check_italic_angle_agreement.CheckItalicAngleAgreement.test_check_italic_angle_agreement(): OK
bakery_lint.tests.downstream.test_check_glyf_table_length.CheckGlyfTableLength.test_check_glyf_table_length(): FAIL
bakery_lint.tests.downstream.test_check_unencoded_glyph.TestFontUnencodedGlyph.test_font_unencoded_glyphs(): FAIL
$ fontbakery-fix-glyph-private-encoding.py --autofix /home/travis/build/fontdirectory/molengo/builds/build/Molengo-Regular.ttf
$ mv /home/travis/build/fontdirectory/molengo/builds/build/Molengo-Regular.ttf.fix /home/travis/build/fontdirectory/molengo/builds/build/Molengo-Regular.ttf
bakery_lint.tests.downstream.test_check_unencoded_glyph.TestFontUnencodedGlyph.test_font_unencoded_glyphs(): FAIL
bakery_lint.tests.downstream.test_check_glyph_existence.CheckGlyphExistence.test_euro(): OK
bakery_lint.tests.downstream.test_check_glyph_existence.CheckGlyphExistence.test_nbsp(): OK
bakery_lint.tests.downstream.test_check_glyph_existence.CheckGlyphExistence.test_space(): OK
### Optimize TTF Molengo-Regular.ttf
$ ls -l 'Molengo-Regular.ttf'* # look at the size savings of that subset process
Molengo-Regular.ttf.opt: 39432 bytes
Molengo-Regular.ttf: 50128 bytes
$ mv /home/travis/build/fontdirectory/molengo/builds/build/Molengo-Regular.ttf.opt /home/travis/build/fontdirectory/molengo/builds/build/Molengo-Regular.ttf
### Autohint TTFs (ttfautohint) Molengo-Regular.ttf
$ ttfautohint -l 7 -r 28 -G 50 -x 13 -w "G" /home/travis/build/fontdirectory/molengo/builds/build/Molengo-Regular.ttf '/home/travis/build/fontdirectory/molengo/builds/build/Molengo-Regular.autohint.ttf'

$ ls -l /home/travis/build/fontdirectory/molengo/builds/build/Molengo-Regular.*ttf # look at the size savings of that subset process
/home/travis/build/fontdirectory/molengo/builds/build/Molengo-Regular.ttf: 39432 bytes
/home/travis/build/fontdirectory/molengo/builds/build/Molengo-Regular.autohint.ttf: 52484 bytes
$ mv /home/travis/build/fontdirectory/molengo/builds/build/Molengo-Regular.autohint.ttf /home/travis/build/fontdirectory/molengo/builds/build/Molengo-Regular.ttf
### Subset TTFs (pyftsubset) Molengo-Regular.ttf
$ pyftsubset Molengo-Regular.latin
$ pyftsubset Molengo-Regular.menu
strippedname:/home/travis/build/fontdirectory/molengo/builds/build/Molengo-Regular.ttf
### (5 of 6) Generate METADATA.json (fontbakery-build-metadata.py)
$ fontbakery-build-metadata.py /home/travis/build/fontdirectory/molengo/builds/build
{} exists
Designer's name from font is: moyogo
Original size: 52484\nGzip size: 28059
Family Name: Molengo
PS Name: Molengo
Full Name: Molengo
Style: normal
Weight: 400
Filename: Molengo-Regular.ttf
Copyright: Copyright (c) Denis Moyogo Jacquerye, 2007. Some rights reserved.\nOFL 1.1
Family Name: Molengo
PS Name: Molengo-Regular
Full Name: Molengo
Style: normal
Weight: 400
Filename: Molengo-Regular-TTF.ttf
Copyright: Copyright (c) 2007, Denis Moyogo Jacquerye <moyogo@gmail.com>, with Reserved Font Name Molengo
### (6 of 6) Run tests for METADATA.json
$ fontbakery-check.py metadata METADATA.json
bakery_lint.tests.metadata_test.MetadataSubsetsListTest.test_charset_latin(): OK
bakery_lint.tests.metadata_test.MetadataSubsetsListTest.test_charset_latin_ext(): FAIL
bakery_lint.tests.metadata_test.MetadataSubsetsListTest.test_charset_menu(): OK
bakery_lint.tests.metadata_test.MetadataTest.test_description_is_more_than_500b(): FAIL
bakery_lint.tests.metadata_test.MetadataTest.test_description_is_valid_html(): FAIL
bakery_lint.tests.metadata_test.MetadataTest.test_does_not_familyName_exist_in_daltonmaag_catalogue(): FAIL
bakery_lint.tests.metadata_test.MetadataTest.test_does_not_familyName_exist_in_fontbureau_catalogue(): OK
bakery_lint.tests.metadata_test.MetadataTest.test_does_not_familyName_exist_in_fontscom_catalogue(): OK
bakery_lint.tests.metadata_test.MetadataTest.test_does_not_familyName_exist_in_fontshop_catalogue(): FAIL
bakery_lint.tests.metadata_test.MetadataTest.test_does_not_familyName_exist_in_fontsmith_catalogue(): FAIL
bakery_lint.tests.metadata_test.MetadataTest.test_does_not_familyName_exist_in_houseind_catalogue(): OK
bakery_lint.tests.metadata_test.MetadataTest.test_does_not_familyName_exist_in_myfonts_catalogue(): FAIL
bakery_lint.tests.metadata_test.MetadataTest.test_does_not_familyName_exist_in_veer_catalogue(): OK
bakery_lint.tests.metadata_test.MetadataTest.test_family_is_listed_in_gwf(): OK
bakery_lint.tests.metadata_test.MetadataTest.test_metadata_atleast_latin_menu_subsets_exist(): OK
/home/travis/virtualenv/python2.7.8/lib/python2.7/site-packages/bakery_lint/tests/metadata_test.py:141: UnicodeWarning: Unicode equal comparison failed to convert both arguments to Unicode - interpreting them as being unequal
  self.assertTrue(designer in designers,
bakery_lint.tests.metadata_test.MetadataTest.test_metadata_designer_exists_in_profiles_csv(): OK
bakery_lint.tests.metadata_test.MetadataTest.test_metadata_fonts_items_dicts(): OK
bakery_lint.tests.metadata_test.MetadataTest.test_metadata_fonts_key_list(): OK
bakery_lint.tests.metadata_test.MetadataTest.test_metadata_fonts_no_dupes(): OK
bakery_lint.tests.metadata_test.MetadataTest.test_metadata_has_unique_style_weight_pairs(): OK
bakery_lint.tests.metadata_test.MetadataTest.test_metadata_keys(): OK
bakery_lint.tests.metadata_test.MetadataTest.test_metadata_license(): OK
bakery_lint.tests.metadata_test.MetadataTest.test_metadata_no_unknown_top_keys(): OK
bakery_lint.tests.metadata_test.MetadataTest.test_metadata_subsets_key_list(): OK
bakery_lint.tests.metadata_test.MetadataTest.test_metadata_top_keys_types(): OK
bakery_lint.tests.downstream.test_check_files_menu_agreements.CheckFontsMenuAgreements.test_menu_file_agreement(): OK
bakery_lint.tests.downstream.test_check_monospace_agreements.CheckMonospaceAgreement.test_check_monospace_agreement(): OK
bakery_lint.tests.downstream.test_metadata_font_copyright.CheckMetadataContainsReservedFontName.test_copyright_contains_correct_rfn(): OK
bakery_lint.tests.downstream.test_metadata_font_copyright.CheckMetadataContainsReservedFontName.test_copyright_is_consistent_across_family(): OK
bakery_lint.tests.downstream.test_metadata_font_copyright.CheckMetadataContainsReservedFontName.test_copyright_matches_pattern(): FAIL
bakery_lint.tests.downstream.test_metadata_font_copyright.CheckMetadataContainsReservedFontName.test_metadata_copyright_size(): OK
bakery_lint.tests.downstream.test_check_metadata_style_matches_names.CheckItalicStyleMatchesMacStyle.test_check_italic_style_matches_names(): OK
bakery_lint.tests.downstream.test_check_metadata_style_matches_names.CheckNormalStyleMatchesMacStyle.test_check_normal_style_matches_names(): OK
bakery_lint.tests.downstream.test_check_canonical_styles.CheckCanonicalStyles.test_check_canonical_styles(): OK
bakery_lint.tests.downstream.test_check_familyname_matches_fontnames.CheckFamilyNameMatchesFontNames.test_check_familyname_matches_fontnames(): OK
bakery_lint.tests.downstream.test_metadata_agreements.TestFontOnDiskFamilyEqualToMetadataJSON.test_font_on_disk_family_equal_in_metadata_json(): OK
bakery_lint.tests.downstream.test_metadata_agreements.TestPostScriptNameInMetadataEqualFontOnDisk.test_postscriptname_in_metadata_equal_to_font_on_disk(): FAIL
bakery_lint.tests.downstream.test_metadata_agreements.CheckMetadataAgreements.test_font_name_matches_family(): OK
bakery_lint.tests.downstream.test_metadata_agreements.CheckMetadataAgreements.test_metadata_family_values_are_all_the_same(): OK
bakery_lint.tests.downstream.test_metadata_agreements.CheckMetadataAgreements.test_metadata_filename_matches_postscriptname(): OK
bakery_lint.tests.downstream.test_metadata_agreements.CheckMetadataAgreements.test_metadata_font_have_regular(): OK
bakery_lint.tests.downstream.test_metadata_agreements.CheckMetadataAgreements.test_metadata_fonts_fields_have_fontname(): OK
bakery_lint.tests.downstream.test_metadata_agreements.CheckMetadataAgreements.test_metadata_fullname_is_equal_to_internal_font_fullname(): OK
bakery_lint.tests.downstream.test_metadata_agreements.CheckMetadataAgreements.test_metadata_fullname_matches_postScriptName(): FAIL
bakery_lint.tests.downstream.test_metadata_agreements.CheckMetadataAgreements.test_metadata_regular_is_400(): OK
bakery_lint.tests.downstream.test_metadata_agreements.CheckMetadataAgreements.test_metadata_regular_is_normal(): FAIL
bakery_lint.tests.downstream.test_check_text_files_exist.CheckTextFilesExist.test_copyrighttxt_exists(): FAIL
bakery_lint.tests.downstream.test_check_text_files_exist.CheckTextFilesExist.test_description_exists(): OK
bakery_lint.tests.downstream.test_check_text_files_exist.CheckTextFilesExist.test_fontlogtxt_exists(): OK
bakery_lint.tests.downstream.test_check_text_files_exist.CheckTextFilesExist.test_licensetxt_exists(): FAIL
bakery_lint.tests.downstream.test_check_glyph_consistency.CheckGlyphConsistencyInFamily.test_the_same_encodings_of_glyphs_across_family(): OK
bakery_lint.tests.downstream.test_check_glyph_consistency.CheckGlyphConsistencyInFamily.test_the_same_names_of_glyphs_across_family(): OK
bakery_lint.tests.downstream.test_check_glyph_consistency.CheckGlyphConsistencyInFamily.test_the_same_number_of_glyphs_across_family(): OK
bakery_lint.tests.downstream.test_check_canonical_weights.CheckCanonicalWeights.test_check_canonical_weights(): OK
bakery_lint.tests.downstream.test_check_canonical_weights.CheckPostScriptNameMatchesWeight.test_postscriptname_contains_correct_weight(): OK
bakery_lint.tests.downstream.test_check_canonical_weights.CheckFontWeightSameAsInMetadata.test_font_weight_same_as_in_metadata(): OK
bakery_lint.tests.downstream.test_check_canonical_weights.CheckFullNameEqualCanonicalName.test_metadata_contains_current_font(): OK
bakery_lint.tests.downstream.test_check_font_name_not_in_camelcase.CheckFontNameNotInCamelCase.test_fontname_not_in_camel_case(): OK
bakery_lint.tests.downstream.test_check_metadata_fields.CheckMetadataFields.test_check_metadata_fields(): OK
bakery_lint.tests.downstream.test_check_metadata_matches_nametable.CheckMetadataMatchesNameTable.test_check_metadata_matches_nametable(): OK
bakery_lint.tests.downstream.test_check_menu_contains_proper_glyphs.CheckMenuSubsetContainsProperGlyphs.test_check_menu_contains_proper_glyphs(): FAIL
bakery_lint.tests.downstream.test_check_subsets_exists.CheckSubsetsExist.test_check_subsets_exists(): FAIL
bakery_lint.tests.downstream.test_check_canonical_filenames.CheckCanonicalFilenames.test_check_canonical_filenames(): OK
{
  "name": "Molengo", 
  "designer": "Denis Jacquerye", 
  "license": "OFL", 
  "visibility": "External", 
  "category": "Sans Serif", 
  "size": 33658, 
  "fonts": [
    {
      "name": "Molengo", 
      "postScriptName": "Molengo", 
      "fullName": "Molengo", 
      "style": "normal", 
      "weight": 400, 
      "filename": "Molengo-Regular.ttf", 
      "copyright": "Copyright (c) Denis Moyogo Jacquerye, 2007. Some rights reserved.\nOFL 1.1"
    }, 
    {
      "name": "Molengo", 
      "postScriptName": "Molengo-Regular", 
      "fullName": "Molengo", 
      "style": "normal", 
      "weight": 400, 
      "filename": "Molengo-Regular-TTF.ttf", 
      "copyright": "Copyright (c) 2007, Denis Moyogo Jacquerye <moyogo@gmail.com>, with Reserved Font Name Molengo"
    }
  ], 
  "subsets": [
    "latin", 
    "menu"
  ], 
  "dateAdded": "2010-04-19"
}
